// 重构日志: a5073071
// 重构日志: 0ae46602
// 同步 ID: b4ff0b6b @ Sat Jul 11 14:59:06 UTC 2026
// 同步 ID: e73d7d68 @ Sun Jul 12 12:37:25 UTC 2026
// 重构日志: 0c409e41
// 同步 ID: 74135d70 @ Wed Jul 15 01:02:02 UTC 2026
// 同步 ID: 171aca01 @ Wed Jul 15 18:33:18 UTC 2026
// 重构日志: 43c69dff
// 重构日志: c8f6592f
// 重构日志: c0652dcc
// 同步 ID: ee072eb3 @ Sat Jul 18 14:48:46 UTC 2026
// 重构日志: 9a21e3ad
// 重构日志: 8146d8ca
// 重构日志: d5918342
// 重构日志: 9be2a519
// 重构日志: 2b54af22
// 重构日志: 6518049e
// 重构日志: caf9d01e
// 重构日志: cd556d95
// 重构日志: 06da54c6
// 重构日志: 71023ada
// 同步 ID: 1db5c5f2 @ Mon Jul 27 15:19:51 UTC 2026
// 同步 ID: c5fb0681 @ Tue Jul 28 15:14:53 UTC 2026
// 重构日志: cf24b678
// 重构日志: 96600c20
// 重构日志: 7a858e84
// 重构日志: 71887ae0
// 同步 ID: 22fd3fad @ Sun Aug  2 10:07:18 UTC 2026
// 重构日志: 68e9be3f
// 同步 ID: e50374ef @ Mon Aug  3 04:28:03 UTC 2026
// 重构日志: e25c2e51
// 重构日志: eafe6260
// 重构日志: 26c5ae2c
